[
  {
    "id": "empty-name.example.com",
    "clientId": "empty-name.example.com",
    "name": "",
    "enabled": true,
    "clientAuthenticatorType": "client-secret",
    "redirectUris": [
      "https://empty-name.example.com"
    ],
    "webOrigins": [],
    "notBefore": 0,
    "bearerOnly": false,
    "consentRequired": false,
    "standardFlowEnabled": true,
    "implicitFlowEnabled": false,
    "directAccessGrantsEnabled": true,
    "serviceAccountsEnabled": false,
    "publicClient": false,
    "frontchannelLogout": false,
    "protocol": "openid-connect",
    "attributes": {},
    "fullScopeAllowed": true,
    "nodeReRegistrationTimeout": -1,
    "authenticationFlowBindingOverrides": {}
  },
  {
    "id": "display-name.example.com",
    "clientId": "display-name.example.com",
    "name": "Display Name",
    "enabled": true,
    "clientAuthenticatorType": "client-secret",
    "redirectUris": [
      "https://display-name.example.com"
    ],
    "webOrigins": [],
    "notBefore": 0,
    "bearerOnly": false,
    "consentRequired": false,
    "standardFlowEnabled": true,
    "implicitFlowEnabled": false,
    "directAccessGrantsEnabled": true,
    "serviceAccountsEnabled": false,
    "publicClient": false,
    "frontchannelLogout": false,
    "protocol": "openid-connect",
    "attributes": {},
    "fullScopeAllowed": true,
    "nodeReRegistrationTimeout": -1,
    "authenticationFlowBindingOverrides": {}
  },
  {
    "id": "public.example.com",
    "clientId": "public.example.com",
    "name": "",
    "enabled": true,
    "clientAuthenticatorType": "client-secret",
    "redirectUris": [
      "https://public.example.com"
    ],
    "webOrigins": [],
    "notBefore": 0,
    "bearerOnly": false,
    "consentRequired": false,
    "standardFlowEnabled": true,
    "implicitFlowEnabled": false,
    "directAccessGrantsEnabled": true,
    "serviceAccountsEnabled": false,
    "publicClient": true,
    "frontchannelLogout": false,
    "protocol": "openid-connect",
    "attributes": {},
    "fullScopeAllowed": true,
    "nodeReRegistrationTimeout": -1,
    "authenticationFlowBindingOverrides": {}
  },
  {
    "id": "account",
    "clientId": "account",
    "name": "${client_account}",
    "enabled": true,
    "clientAuthenticatorType": "client-secret",
    "redirectUris": [
      "/realms/named/account/*"
    ],
    "webOrigins": [],
    "notBefore": 0,
    "bearerOnly": false,
    "consentRequired": false,
    "standardFlowEnabled": true,
    "implicitFlowEnabled": false,
    "directAccessGrantsEnabled": false,
    "serviceAccountsEnabled": false,
    "publicClient": false,
    "frontchannelLogout": false,
    "protocol": "openid-connect",
    "attributes": {},
    "fullScopeAllowed": false,
    "nodeReRegistrationTimeout": 0,
    "authenticationFlowBindingOverrides": {}
  },
  {
    "id": "named-realm",
    "clientId": "named-realm",
    "name": "named Realm",
    "enabled": true,
    "clientAuthenticatorType": "client-secret",
    "redirectUris": [],
    "webOrigins": [],
    "notBefore": 0,
    "bearerOnly": true,
    "consentRequired": false,
    "standardFlowEnabled": true,
    "implicitFlowEnabled": false,
    "directAccessGrantsEnabled": false,
    "serviceAccountsEnabled": false,
    "publicClient": false,
    "frontchannelLogout": false,
    "protocol": "openid-connect",
    "attributes": {},
    "fullScopeAllowed": false,
    "nodeReRegistrationTimeout": 0,
    "authenticationFlowBindingOverrides": {}
  },
  {
    "id": "localized.example.com",
    "clientId": "localized.example.com",
    "name": "${client_localized}",
    "enabled": true,
    "clientAuthenticatorType": "client-secret",
    "redirectUris": [
      "https://localized.example.com"
    ],
    "webOrigins": [],
    "notBefore": 0,
    "bearerOnly": false,
    "consentRequired": false,
    "standardFlowEnabled": true,
    "implicitFlowEnabled": false,
    "directAccessGrantsEnabled": true,
    "serviceAccountsEnabled": false,
    "publicClient": false,
    "frontchannelLogout": false,
    "protocol": "openid-connect",
    "attributes": {},
    "fullScopeAllowed": true,
    "nodeReRegistrationTimeout": -1,
    "authenticationFlowBindingOverrides": {}
  },
  {
    "id": "account-console",
    "clientId": "account-console",
    "name": "${client_account-console}",
    "enabled": true,
    "clientAuthenticatorType": "client-secret",
    "redirectUris": [
      "/realms/named/account/*"
    ],
    "webOrigins": [],
    "notBefore": 0,
    "bearerOnly": false,
    "consentRequired": false,
    "standardFlowEnabled": true,
    "implicitFlowEnabled": false,
    "directAccessGrantsEnabled": true,
    "serviceAccountsEnabled": false,
    "publicClient": true,
    "frontchannelLogout": false,
    "protocol": "openid-connect",
    "attributes": {},
    "fullScopeAllowed": true,
    "nodeReRegistrationTimeout": -1,
    "authenticationFlowBindingOverrides": {}
  }
]
